// Jest Snapshot v1, https://goo.gl/fbAQLP

exports[`Home page matches snapshot 1`] = `
<div>
  <div
    class="pages___StyledDiv-sc-1rar0h2-0 PjuDW"
  >
    <form
      class="pages___StyledForm-sc-1rar0h2-1 kiDKwk"
    >
      <div
        class="input___StyledDiv-sc-6wa7t4-0 eMbqot"
      >
        <label
          class="label___StyledLabel-sc-1sm73mb-0 bMVZEK"
          for="subject"
        >
          Enter a subject
        </label>
        <input
          class="input___StyledInput-sc-6wa7t4-1 enXCtp"
          name="subject"
        />
      </div>
      <div
        class="input___StyledDiv-sc-6wa7t4-0 eMbqot"
      >
        <label
          class="label___StyledLabel-sc-1sm73mb-0 bMVZEK"
          for="verb"
        >
          Enter a verb
        </label>
        <input
          class="input___StyledInput-sc-6wa7t4-1 enXCtp"
          name="verb"
        />
      </div>
      <div
        class="input___StyledDiv-sc-6wa7t4-0 eMbqot"
      >
        <label
          class="label___StyledLabel-sc-1sm73mb-0 bMVZEK"
          for="object"
        >
          Enter an object
        </label>
        <input
          class="input___StyledInput-sc-6wa7t4-1 enXCtp"
          name="object"
        />
      </div>
      <label
        class="label___StyledLabel-sc-1sm73mb-0 bMVZEK"
        for="tense"
      >
        Choose a tense
      </label>
      <select
        class="pages___StyledSelect-sc-1rar0h2-2 hvnios"
        name="tense"
      >
        <option>
          past
        </option>
        <option>
          present
        </option>
        <option>
          future
        </option>
      </select>
      <div
        class="pages___StyledDiv2-sc-1rar0h2-3 fFkQxp"
      >
        <input
          name="progressive"
          type="checkbox"
        />
        <label
          class="label___StyledLabel-sc-1sm73mb-0 bMVZEK"
          for="progressive"
        >
          progressive?
        </label>
      </div>
      <hr
        class="pages___StyledHr-sc-1rar0h2-4 Tiivl"
      />
    </form>
    <div
      class="pages___StyledDiv3-sc-1rar0h2-5 jgJrUc"
    >
      Result:
    </div>
    <svg
      class="pages___StyledSvg-sc-1rar0h2-7 kIxLwG"
      viewBox="0 0 24 24"
    >
      <circle
        class="pages___StyledCircle-sc-1rar0h2-8 jWHHNh"
        cx="12"
        cy="12"
        r="10"
        stroke="currentColor"
        stroke-width="4"
      />
      <path
        class="pages___StyledPath-sc-1rar0h2-9 jdnYLu"
        d="M4 12a8 8 0 018-8V0C5.373 0 0 5.373 0 12h4zm2 5.291A7.962 7.962 0 014 12H0c0 3.042 1.135 5.824 3 7.938l3-2.647z"
        fill="currentColor"
      />
    </svg>
  </div>
</div>
`;
